Archive member included to satisfy reference by file (symbol)

/Applications/STM32CubeIDE.app/Contents/Eclipse/plugins/com.st.stm32cube.ide.mcu.externaltools.gnu-tools-for-stm32.13.3.rel1.macos64_1.0.100.202509120712/tools/bin/../lib/gcc/arm-none-eabi/13.3.1/../../../../arm-none-eabi/lib/thumb/v7e-m+fp/hard/libc_nano.a(libc_a-exit.o)
                              /Applications/STM32CubeIDE.app/Contents/Eclipse/plugins/com.st.stm32cube.ide.mcu.externaltools.gnu-tools-for-stm32.13.3.rel1.macos64_1.0.100.202509120712/tools/bin/../lib/gcc/arm-none-eabi/13.3.1/../../../../arm-none-eabi/lib/thumb/v7e-m+fp/hard/crt0.o (exit)
/Applications/STM32CubeIDE.app/Contents/Eclipse/plugins/com.st.stm32cube.ide.mcu.externaltools.gnu-tools-for-stm32.13.3.rel1.macos64_1.0.100.202509120712/tools/bin/../lib/gcc/arm-none-eabi/13.3.1/../../../../arm-none-eabi/lib/thumb/v7e-m+fp/hard/libc_nano.a(libc_a-findfp.o)
                              /Applications/STM32CubeIDE.app/Contents/Eclipse/plugins/com.st.stm32cube.ide.mcu.externaltools.gnu-tools-for-stm32.13.3.rel1.macos64_1.0.100.202509120712/tools/bin/../lib/gcc/arm-none-eabi/13.3.1/../../../../arm-none-eabi/lib/thumb/v7e-m+fp/hard/libc_nano.a(libc_a-exit.o) (__stdio_exit_handler)
/Applications/STM32CubeIDE.app/Contents/Eclipse/plugins/com.st.stm32cube.ide.mcu.externaltools.gnu-tools-for-stm32.13.3.rel1.macos64_1.0.100.202509120712/tools/bin/../lib/gcc/arm-none-eabi/13.3.1/../../../../arm-none-eabi/lib/thumb/v7e-m+fp/hard/libc_nano.a(libc_a-fwalk.o)
                              /Applications/STM32CubeIDE.app/Contents/Eclipse/plugins/com.st.stm32cube.ide.mcu.externaltools.gnu-tools-for-stm32.13.3.rel1.macos64_1.0.100.202509120712/tools/bin/../lib/gcc/arm-none-eabi/13.3.1/../../../../arm-none-eabi/lib/thumb/v7e-m+fp/hard/libc_nano.a(libc_a-findfp.o) (_fwalk_sglue)
/Applications/STM32CubeIDE.app/Contents/Eclipse/plugins/com.st.stm32cube.ide.mcu.externaltools.gnu-tools-for-stm32.13.3.rel1.macos64_1.0.100.202509120712/tools/bin/../lib/gcc/arm-none-eabi/13.3.1/../../../../arm-none-eabi/lib/thumb/v7e-m+fp/hard/libc_nano.a(libc_a-memset.o)
                              /Applications/STM32CubeIDE.app/Contents/Eclipse/plugins/com.st.stm32cube.ide.mcu.externaltools.gnu-tools-for-stm32.13.3.rel1.macos64_1.0.100.202509120712/tools/bin/../lib/gcc/arm-none-eabi/13.3.1/../../../../arm-none-eabi/lib/thumb/v7e-m+fp/hard/crt0.o (memset)
/Applications/STM32CubeIDE.app/Contents/Eclipse/plugins/com.st.stm32cube.ide.mcu.externaltools.gnu-tools-for-stm32.13.3.rel1.macos64_1.0.100.202509120712/tools/bin/../lib/gcc/arm-none-eabi/13.3.1/../../../../arm-none-eabi/lib/thumb/v7e-m+fp/hard/libc_nano.a(libc_a-errno.o)
                              ./Core/Src/syscalls.o (__errno)
/Applications/STM32CubeIDE.app/Contents/Eclipse/plugins/com.st.stm32cube.ide.mcu.externaltools.gnu-tools-for-stm32.13.3.rel1.macos64_1.0.100.202509120712/tools/bin/../lib/gcc/arm-none-eabi/13.3.1/../../../../arm-none-eabi/lib/thumb/v7e-m+fp/hard/libc_nano.a(libc_a-init.o)
                              /Applications/STM32CubeIDE.app/Contents/Eclipse/plugins/com.st.stm32cube.ide.mcu.externaltools.gnu-tools-for-stm32.13.3.rel1.macos64_1.0.100.202509120712/tools/bin/../lib/gcc/arm-none-eabi/13.3.1/../../../../arm-none-eabi/lib/thumb/v7e-m+fp/hard/crt0.o (__libc_init_array)
/Applications/STM32CubeIDE.app/Contents/Eclipse/plugins/com.st.stm32cube.ide.mcu.externaltools.gnu-tools-for-stm32.13.3.rel1.macos64_1.0.100.202509120712/tools/bin/../lib/gcc/arm-none-eabi/13.3.1/../../../../arm-none-eabi/lib/thumb/v7e-m+fp/hard/libc_nano.a(libc_a-lock.o)
                              /Applications/STM32CubeIDE.app/Contents/Eclipse/plugins/com.st.stm32cube.ide.mcu.externaltools.gnu-tools-for-stm32.13.3.rel1.macos64_1.0.100.202509120712/tools/bin/../lib/gcc/arm-none-eabi/13.3.1/../../../../arm-none-eabi/lib/thumb/v7e-m+fp/hard/libc_nano.a(libc_a-findfp.o) (__retarget_lock_init_recursive)
/Applications/STM32CubeIDE.app/Contents/Eclipse/plugins/com.st.stm32cube.ide.mcu.externaltools.gnu-tools-for-stm32.13.3.rel1.macos64_1.0.100.202509120712/tools/bin/../lib/gcc/arm-none-eabi/13.3.1/../../../../arm-none-eabi/lib/thumb/v7e-m+fp/hard/libc_nano.a(libc_a-impure.o)
                              /Applications/STM32CubeIDE.app/Contents/Eclipse/plugins/com.st.stm32cube.ide.mcu.externaltools.gnu-tools-for-stm32.13.3.rel1.macos64_1.0.100.202509120712/tools/bin/../lib/gcc/arm-none-eabi/13.3.1/../../../../arm-none-eabi/lib/thumb/v7e-m+fp/hard/libc_nano.a(libc_a-errno.o) (_impure_ptr)
/Applications/STM32CubeIDE.app/Contents/Eclipse/plugins/com.st.stm32cube.ide.mcu.externaltools.gnu-tools-for-stm32.13.3.rel1.macos64_1.0.100.202509120712/tools/bin/../lib/gcc/arm-none-eabi/13.3.1/../../../../arm-none-eabi/lib/thumb/v7e-m+fp/hard/libc_nano.a(libc_a-mallocr.o)
[...]
Memory Configuration

Name             Origin             Length             Attributes
RAM              0x20000000         0x00018000         xrw
RAM2             0x10000000         0x00008000         xrw
FLASH            0x08000000         0x00100000         xr
*default*        0x00000000         0xffffffff

Linker script and memory map

LOAD /Applications/STM32CubeIDE.app/Contents/Eclipse/plugins/com.st.stm32cube.ide.mcu.externaltools.gnu-tools-for-stm32.13.3.rel1.macos64_1.0.100.202509120712/tools/bin/../lib/gcc/arm-none-eabi/13.3.1/thumb/v7e-m+fp/hard/crti.o
LOAD /Applications/STM32CubeIDE.app/Contents/Eclipse/plugins/com.st.stm32cube.ide.mcu.externaltools.gnu-tools-for-stm32.13.3.rel1.macos64_1.0.100.202509120712/tools/bin/../lib/gcc/arm-none-eabi/13.3.1/thumb/v7e-m+fp/hard/crtbegin.o
LOAD /Applications/STM32CubeIDE.app/Contents/Eclipse/plugins/com.st.stm32cube.ide.mcu.externaltools.gnu-tools-for-stm32.13.3.rel1.macos64_1.0.100.202509120712/tools/bin/../lib/gcc/arm-none-eabi/13.3.1/../../../../arm-none-eabi/lib/thumb/v7e-m+fp/hard/crt0.o
LOAD ./Core/Src/main.o
LOAD ./Core/Src/stm32l4xx_hal_msp.o
LOAD ./Core/Src/stm32l4xx_it.o
LOAD ./Core/Src/syscalls.o
LOAD ./Core/Src/sysmem.o
LOAD ./Core/Src/system_stm32l4xx.o
LOAD ./Core/Startup/startup_stm32l476rgtx.o
LOAD ./Drivers/STM32L4xx_HAL_Driver/Src/stm32l4xx_hal.o
LOAD ./Drivers/STM32L4xx_HAL_Driver/Src/stm32l4xx_hal_cortex.o
LOAD ./Drivers/STM32L4xx_HAL_Driver/Src/stm32l4xx_hal_dma.o
LOAD ./Drivers/STM32L4xx_HAL_Driver/Src/stm32l4xx_hal_dma_ex.o
LOAD ./Drivers/STM32L4xx_HAL_Driver/Src/stm32l4xx_hal_exti.o
LOAD ./Drivers/STM32L4xx_HAL_Driver/Src/stm32l4xx_hal_flash.o
LOAD ./Drivers/STM32L4xx_HAL_Driver/Src/stm32l4xx_hal_flash_ex.o
LOAD ./Drivers/STM32L4xx_HAL_Driver/Src/stm32l4xx_hal_flash_ramfunc.o
LOAD ./Drivers/STM32L4xx_HAL_Driver/Src/stm32l4xx_hal_gpio.o
LOAD ./Drivers/STM32L4xx_HAL_Driver/Src/stm32l4xx_hal_i2c.o
LOAD ./Drivers/STM32L4xx_HAL_Driver/Src/stm32l4xx_hal_i2c_ex.o
LOAD ./Drivers/STM32L4xx_HAL_Driver/Src/stm32l4xx_hal_pwr.o
LOAD ./Drivers/STM32L4xx_HAL_Driver/Src/stm32l4xx_hal_pwr_ex.o
LOAD ./Drivers/STM32L4xx_HAL_Driver/Src/stm32l4xx_hal_rcc.o
LOAD ./Drivers/STM32L4xx_HAL_Driver/Src/stm32l4xx_hal_rcc_ex.o
LOAD ./Drivers/STM32L4xx_HAL_Driver/Src/stm32l4xx_hal_tim.o
LOAD ./Drivers/STM32L4xx_HAL_Driver/Src/stm32l4xx_hal_tim_ex.o
START GROUP
LOAD /Applications/STM32CubeIDE.app/Contents/Eclipse/plugins/com.st.stm32cube.ide.mcu.externaltools.gnu-tools-for-stm32.13.3.rel1.macos64_1.0.100.202509120712/tools/bin/../lib/gcc/arm-none-eabi/13.3.1/../../../../arm-none-eabi/lib/thumb/v7e-m+fp/hard/libc_nano.a
LOAD /Applications/STM32CubeIDE.app/Contents/Eclipse/plugins/com.st.stm32cube.ide.mcu.externaltools.gnu-tools-for-stm32.13.3.rel1.macos64_1.0.100.202509120712/tools/bin/../lib/gcc/arm-none-eabi/13.3.1/../../../../arm-none-eabi/lib/thumb/v7e-m+fp/hard/libm.a
END GROUP
START GROUP
LOAD /Applications/STM32CubeIDE.app/Contents/Eclipse/plugins/com.st.stm32cube.ide.mcu.externaltools.gnu-tools-for-stm32.13.3.rel1.macos64_1.0.100.202509120712/tools/bin/../lib/gcc/arm-none-eabi/13.3.1/thumb/v7e-m+fp/hard/libgcc.a
LOAD /Applications/STM32CubeIDE.app/Contents/Eclipse/plugins/com.st.stm32cube.ide.mcu.externaltools.gnu-tools-for-stm32.13.3.rel1.macos64_1.0.100.202509120712/tools/bin/../lib/gcc/arm-none-eabi/13.3.1/../../../../arm-none-eabi/lib/thumb/v7e-m+fp/hard/libc_nano.a
END GROUP
START GROUP
LOAD /Applications/STM32CubeIDE.app/Contents/Eclipse/plugins/com.st.stm32cube.ide.mcu.externaltools.gnu-tools-for-stm32.13.3.rel1.macos64_1.0.100.202509120712/tools/bin/../lib/gcc/arm-none-eabi/13.3.1/thumb/v7e-m+fp/hard/libgcc.a
LOAD /Applications/STM32CubeIDE.app/Contents/Eclipse/plugins/com.st.stm32cube.ide.mcu.externaltools.gnu-tools-for-stm32.13.3.rel1.macos64_1.0.100.202509120712/tools/bin/../lib/gcc/arm-none-eabi/13.3.1/../../../../arm-none-eabi/lib/thumb/v7e-m+fp/hard/libc_nano.a
LOAD /Applications/STM32CubeIDE.app/Contents/Eclipse/plugins/com.st.stm32cube.ide.mcu.externaltools.gnu-tools-for-stm32.13.3.rel1.macos64_1.0.100.202509120712/tools/bin/../lib/gcc/arm-none-eabi/13.3.1/../../../../arm-none-eabi/lib/thumb/v7e-m+fp/hard/libnosys.a
END GROUP
START GROUP
LOAD /Applications/STM32CubeIDE.app/Contents/Eclipse/plugins/com.st.stm32cube.ide.mcu.externaltools.gnu-tools-for-stm32.13.3.rel1.macos64_1.0.100.202509120712/tools/bin/../lib/gcc/arm-none-eabi/13.3.1/thumb/v7e-m+fp/hard/libgcc.a
LOAD /Applications/STM32CubeIDE.app/Contents/Eclipse/plugins/com.st.stm32cube.ide.mcu.externaltools.gnu-tools-for-stm32.13.3.rel1.macos64_1.0.100.202509120712/tools/bin/../lib/gcc/arm-none-eabi/13.3.1/../../../../arm-none-eabi/lib/thumb/v7e-m+fp/hard/libc_nano.a
LOAD /Applications/STM32CubeIDE.app/Contents/Eclipse/plugins/com.st.stm32cube.ide.mcu.externaltools.gnu-tools-for-stm32.13.3.rel1.macos64_1.0.100.202509120712/tools/bin/../lib/gcc/arm-none-eabi/13.3.1/../../../../arm-none-eabi/lib/thumb/v7e-m+fp/hard/libnosys.a
END GROUP
LOAD /Applications/STM32CubeIDE.app/Contents/Eclipse/plugins/com.st.stm32cube.ide.mcu.externaltools.gnu-tools-for-stm32.13.3.rel1.macos64_1.0.100.202509120712/tools/bin/../lib/gcc/arm-none-eabi/13.3.1/thumb/v7e-m+fp/hard/crtend.o
LOAD /Applications/STM32CubeIDE.app/Contents/Eclipse/plugins/com.st.stm32cube.ide.mcu.externaltools.gnu-tools-for-stm32.13.3.rel1.macos64_1.0.100.202509120712/tools/bin/../lib/gcc/arm-none-eabi/13.3.1/thumb/v7e-m+fp/hard/crtn.o
                0x20018000                        _estack = (ORIGIN (RAM) + LENGTH (RAM))
                0x00000200                        _Min_Heap_Size = 0x200
                0x00000400                        _Min_Stack_Size = 0x400

.isr_vector     0x08000000      0x188
                0x08000000                        . = ALIGN (0x4)
 *(.isr_vector)
 .isr_vector    0x08000000      0x188 ./Core/Startup/startup_stm32l476rgtx.o
                0x08000000                g_pfnVectors
                0x08000188                        . = ALIGN (0x4)

.text           0x08000188      0x260
                0x08000188                        . = ALIGN (0x4)
 *(.text)
 .text          0x08000188       0x40 /Applications/STM32CubeIDE.app/Contents/Eclipse/plugins/com.st.stm32cube.ide.mcu.externaltools.gnu-tools-for-stm32.13.3.rel1.macos64_1.0.100.202509120712/tools/bin/../lib/gcc/arm-none-eabi/13.3.1/thumb/v7e-m+fp/hard/crtbegin.o
 *(.text*)
 .text.main     0x080001c8       0x80 ./Core/Src/main.o
                0x080001c8                main
 .text.NMI_Handler
                0x08000248        0x8 ./Core/Src/stm32l4xx_it.o
                0x08000248                NMI_Handler
 .text.HardFault_Handler
                0x08000250        0x8 ./Core/Src/stm32l4xx_it.o
                0x08000250                HardFault_Handler
 .text.MemManage_Handler
                0x08000258        0x8 ./Core/Src/stm32l4xx_it.o
                0x08000258                MemManage_Handler
 .text.BusFault_Handler
                0x08000260        0x8 ./Core/Src/stm32l4xx_it.o
                0x08000260                BusFault_Handler
 .text.UsageFault_Handler
                0x08000268        0x8 ./Core/Src/stm32l4xx_it.o
                0x08000268                UsageFault_Handler
 .text.SVC_Handler
                0x08000270        0xe ./Core/Src/stm32l4xx_it.o
                0x08000270                SVC_Handler
 .text.DebugMon_Handler
                0x0800027e        0xe ./Core/Src/stm32l4xx_it.o
                0x0800027e                DebugMon_Handler
 .text.PendSV_Handler
                0x0800028c        0xe ./Core/Src/stm32l4xx_it.o
                0x0800028c                PendSV_Handler
 .text.SysTick_Handler
                0x0800029a        0xc ./Core/Src/stm32l4xx_it.o
                0x0800029a                SysTick_Handler
 *fill*         0x080002a6        0x2 
 .text.SystemInit
                0x080002a8       0x64 ./Core/Src/system_stm32l4xx.o
                0x080002a8                SystemInit
 .text.Reset_Handler
                0x0800030c       0x50 ./Core/Startup/startup_stm32l476rgtx.o
                0x0800030c                Reset_Handler
 .text.Default_Handler
                0x0800035c        0x2 ./Core/Startup/startup_stm32l476rgtx.o
                0x0800035c                TIM1_BRK_TIM15_IRQHandler
                0x0800035c                EXTI2_IRQHandler
                0x0800035c                TIM8_TRG_COM_IRQHandler
                0x0800035c                TIM8_CC_IRQHandler
                0x0800035c                TIM1_CC_IRQHandler
                0x0800035c                TSC_IRQHandler
                0x0800035c                TAMP_STAMP_IRQHandler
                0x0800035c                EXTI3_IRQHandler
                0x0800035c                LPTIM2_IRQHandler
                0x0800035c                DFSDM1_FLT1_IRQHandler
                0x0800035c                I2C3_ER_IRQHandler
                0x0800035c                DFSDM1_FLT2_IRQHandler
                0x0800035c                EXTI0_IRQHandler
                0x0800035c                I2C2_EV_IRQHandler
                0x0800035c                CAN1_RX0_IRQHandler
                0x0800035c                FPU_IRQHandler
                0x0800035c                TIM1_UP_TIM16_IRQHandler
                0x0800035c                ADC1_2_IRQHandler
                0x0800035c                SPI1_IRQHandler
                0x0800035c                TIM6_DAC_IRQHandler
                0x0800035c                TIM8_UP_IRQHandler
                0x0800035c                DMA2_Channel2_IRQHandler
                0x0800035c                DMA1_Channel4_IRQHandler
                0x0800035c                SAI2_IRQHandler
                0x0800035c                DFSDM1_FLT3_IRQHandler
                0x0800035c                USART3_IRQHandler
                0x0800035c                DMA1_Channel7_IRQHandler
                0x0800035c                CAN1_RX1_IRQHandler
                0x0800035c                LCD_IRQHandler
                0x0800035c                UART5_IRQHandler
                0x0800035c                ADC3_IRQHandler
                0x0800035c                TIM4_IRQHandler
                0x0800035c                DMA2_Channel1_IRQHandler
                0x0800035c                QUADSPI_IRQHandler
                0x0800035c                I2C1_EV_IRQHandler
                0x0800035c                DMA1_Channel6_IRQHandler
                0x0800035c                UART4_IRQHandler
                0x0800035c                DMA2_Channel4_IRQHandler
                0x0800035c                TIM3_IRQHandler
                0x0800035c                RCC_IRQHandler
                0x0800035c                DMA1_Channel1_IRQHandler
                0x0800035c                Default_Handler
                0x0800035c                DMA2_Channel7_IRQHandler
                0x0800035c                EXTI15_10_IRQHandler
                0x0800035c                TIM7_IRQHandler
                0x0800035c                SDMMC1_IRQHandler
                0x0800035c                TIM5_IRQHandler
                0x0800035c                I2C3_EV_IRQHandler
                0x0800035c                EXTI9_5_IRQHandler
                0x0800035c                RTC_WKUP_IRQHandler
                0x0800035c                PVD_PVM_IRQHandler
                0x0800035c                SPI2_IRQHandler
                0x0800035c                CAN1_TX_IRQHandler
                0x0800035c                DMA2_Channel5_IRQHandler
                0x0800035c                DMA1_Channel5_IRQHandler
                0x0800035c                EXTI4_IRQHandler
                0x0800035c                RNG_IRQHandler
                0x0800035c                TIM1_TRG_COM_TIM17_IRQHandler
                0x0800035c                DMA1_Channel3_IRQHandler
                0x0800035c                COMP_IRQHandler
                0x0800035c                WWDG_IRQHandler
                0x0800035c                LPUART1_IRQHandler
                0x0800035c                DMA2_Channel6_IRQHandler
                0x0800035c                TIM2_IRQHandler
                0x0800035c                EXTI1_IRQHandler
                0x0800035c                USART2_IRQHandler
                0x0800035c                DFSDM1_FLT0_IRQHandler
                0x0800035c                I2C2_ER_IRQHandler
                0x0800035c                DMA1_Channel2_IRQHandler
                0x0800035c                TIM8_BRK_IRQHandler
                0x0800035c                CAN1_SCE_IRQHandler
                0x0800035c                FLASH_IRQHandler
                0x0800035c                USART1_IRQHandler
                0x0800035c                OTG_FS_IRQHandler
                0x0800035c                SPI3_IRQHandler
                0x0800035c                I2C1_ER_IRQHandler
                0x0800035c                FMC_IRQHandler
                0x0800035c                SWPMI1_IRQHandler
                0x0800035c                LPTIM1_IRQHandler
                0x0800035c                SAI1_IRQHandler
                0x0800035c                DMA2_Channel3_IRQHandler
                0x0800035c                RTC_Alarm_IRQHandler
 *fill*         0x0800035e        0x2 
 .text.HAL_IncTick
                0x08000360       0x28 ./Drivers/STM32L4xx_HAL_Driver/Src/stm32l4xx_hal.o
                0x08000360                HAL_IncTick
 .text.__libc_init_array
                0x08000388       0x48 /Applications/STM32CubeIDE.app/Contents/Eclipse/plugins/com.st.stm32cube.ide.mcu.externaltools.gnu-tools-for-stm32.13.3.rel1.macos64_1.0.100.202509120712/tools/bin/../lib/gcc/arm-none-eabi/13.3.1/../../../../arm-none-eabi/lib/thumb/v7e-m+fp/hard/libc_nano.a(libc_a-init.o)
                0x08000388                __libc_init_array
 *(.glue_7)
 .glue_7        0x080003d0        0x0 linker stubs
 *(.glue_7t)
 .glue_7t       0x080003d0        0x0 linker stubs
 *(.eh_frame)
 .eh_frame      0x080003d0        0x0 /Applications/STM32CubeIDE.app/Contents/Eclipse/plugins/com.st.stm32cube.ide.mcu.externaltools.gnu-tools-for-stm32.13.3.rel1.macos64_1.0.100.202509120712/tools/bin/../lib/gcc/arm-none-eabi/13.3.1/thumb/v7e-m+fp/hard/crtbegin.o
 *(.init)
 .init          0x080003d0        0x4 /Applications/STM32CubeIDE.app/Contents/Eclipse/plugins/com.st.stm32cube.ide.mcu.externaltools.gnu-tools-for-stm32.13.3.rel1.macos64_1.0.100.202509120712/tools/bin/../lib/gcc/arm-none-eabi/13.3.1/thumb/v7e-m+fp/hard/crti.o
                0x080003d0                _init
 .init          0x080003d4        0x8 /Applications/STM32CubeIDE.app/Contents/Eclipse/plugins/com.st.stm32cube.ide.mcu.externaltools.gnu-tools-for-stm32.13.3.rel1.macos64_1.0.100.202509120712/tools/bin/../lib/gcc/arm-none-eabi/13.3.1/thumb/v7e-m+fp/hard/crtn.o
 *(.fini)
 .fini          0x080003dc        0x4 /Applications/STM32CubeIDE.app/Contents/Eclipse/plugins/com.st.stm32cube.ide.mcu.externaltools.gnu-tools-for-stm32.13.3.rel1.macos64_1.0.100.202509120712/tools/bin/../lib/gcc/arm-none-eabi/13.3.1/thumb/v7e-m+fp/hard/crti.o
                0x080003dc                _fini
 .fini          0x080003e0        0x8 /Applications/STM32CubeIDE.app/Contents/Eclipse/plugins/com.st.stm32cube.ide.mcu.externaltools.gnu-tools-for-stm32.13.3.rel1.macos64_1.0.100.202509120712/tools/bin/../lib/gcc/arm-none-eabi/13.3.1/thumb/v7e-m+fp/hard/crtn.o
                0x080003e8                        . = ALIGN (0x4)
                0x080003e8                        _etext = .

.vfp11_veneer   0x080003e8        0x0
 .vfp11_veneer  0x080003e8        0x0 linker stubs

.v4_bx          0x080003e8        0x0
 .v4_bx         0x080003e8        0x0 linker stubs

.iplt           0x080003e8        0x0
 .iplt          0x080003e8        0x0 /Applications/STM32CubeIDE.app/Contents/Eclipse/plugins/com.st.stm32cube.ide.mcu.externaltools.gnu-tools-for-stm32.13.3.rel1.macos64_1.0.100.202509120712/tools/bin/../lib/gcc/arm-none-eabi/13.3.1/thumb/v7e-m+fp/hard/crtbegin.o

.rel.dyn        0x080003e8        0x0
 .rel.iplt      0x080003e8        0x0 /Applications/STM32CubeIDE.app/Contents/Eclipse/plugins/com.st.stm32cube.ide.mcu.externaltools.gnu-tools-for-stm32.13.3.rel1.macos64_1.0.100.202509120712/tools/bin/../lib/gcc/arm-none-eabi/13.3.1/thumb/v7e-m+fp/hard/crtbegin.o

.rodata         0x080003e8        0x0
                0x080003e8                        . = ALIGN (0x4)
 *(.rodata)
 *(.rodata*)
                0x080003e8                        . = ALIGN (0x4)

.ARM.extab      0x080003e8        0x0
                0x080003e8                        . = ALIGN (0x4)
 *(.ARM.extab* .gnu.linkonce.armextab.*)
                0x080003e8                        . = ALIGN (0x4)

.ARM            0x080003e8        0x0
                0x080003e8                        . = ALIGN (0x4)
                0x080003e8                        __exidx_start = .
 *(.ARM.exidx*)
                0x080003e8                        __exidx_end = .
                0x080003e8                        . = ALIGN (0x4)

.preinit_array  0x080003e8        0x0
                0x080003e8                        . = ALIGN (0x4)
                0x080003e8                        PROVIDE (__preinit_array_start = .)
 *(.preinit_array*)
                0x080003e8                        PROVIDE (__preinit_array_end = .)
                0x080003e8                        . = ALIGN (0x4)

.init_array     0x080003e8        0x4
                0x080003e8                        . = ALIGN (0x4)
                0x080003e8                        PROVIDE (__init_array_start = .)
 *(SORT_BY_NAME(.init_array.*))
 *(.init_array*)
 .init_array    0x080003e8        0x4 /Applications/STM32CubeIDE.app/Contents/Eclipse/plugins/com.st.stm32cube.ide.mcu.externaltools.gnu-tools-for-stm32.13.3.rel1.macos64_1.0.100.202509120712/tools/bin/../lib/gcc/arm-none-eabi/13.3.1/thumb/v7e-m+fp/hard/crtbegin.o
                0x080003ec                        PROVIDE (__init_array_end = .)
                0x080003ec                        . = ALIGN (0x4)

.fini_array     0x080003ec        0x4
                0x080003ec                        . = ALIGN (0x4)
                [!provide]                        PROVIDE (__fini_array_start = .)
 *(SORT_BY_NAME(.fini_array.*))
 *(.fini_array*)
 .fini_array    0x080003ec        0x4 /Applications/STM32CubeIDE.app/Contents/Eclipse/plugins/com.st.stm32cube.ide.mcu.externaltools.gnu-tools-for-stm32.13.3.rel1.macos64_1.0.100.202509120712/tools/bin/../lib/gcc/arm-none-eabi/13.3.1/thumb/v7e-m+fp/hard/crtbegin.o
                [!provide]                        PROVIDE (__fini_array_end = .)
                0x080003f0                        . = ALIGN (0x4)
                0x080003f0                        _sidata = LOADADDR (.data)

.data           0x20000000        0x4 load address 0x080003f0
                0x20000000                        . = ALIGN (0x4)
                0x20000000                        _sdata = .
 *(.data)
 *(.data*)
 .data.uwTickFreq
                0x20000000        0x1 ./Drivers/STM32L4xx_HAL_Driver/Src/stm32l4xx_hal.o
                0x20000000                uwTickFreq
 *(.RamFunc)
 *(.RamFunc*)
                0x20000004                        . = ALIGN (0x4)
 *fill*         0x20000001        0x3 
                0x20000004                        _edata = .

.igot.plt       0x20000004        0x0 load address 0x080003f4
 .igot.plt      0x20000004        0x0 /Applications/STM32CubeIDE.app/Contents/Eclipse/plugins/com.st.stm32cube.ide.mcu.externaltools.gnu-tools-for-stm32.13.3.rel1.macos64_1.0.100.202509120712/tools/bin/../lib/gcc/arm-none-eabi/13.3.1/thumb/v7e-m+fp/hard/crtbegin.o
                0x20000004                        . = ALIGN (0x4)

.bss            0x20000004       0x20 load address 0x080003f4
                0x20000004                        _sbss = .
                0x20000004                        __bss_start__ = _sbss
 *(.bss)
 .bss           0x20000004       0x1c /Applications/STM32CubeIDE.app/Contents/Eclipse/plugins/com.st.stm32cube.ide.mcu.externaltools.gnu-tools-for-stm32.13.3.rel1.macos64_1.0.100.202509120712/tools/bin/../lib/gcc/arm-none-eabi/13.3.1/thumb/v7e-m+fp/hard/crtbegin.o
 *(.bss*)
 .bss.uwTick    0x20000020        0x4 ./Drivers/STM32L4xx_HAL_Driver/Src/stm32l4xx_hal.o
                0x20000020                uwTick
 *(COMMON)
                0x20000024                        . = ALIGN (0x4)
                0x20000024                        _ebss = .
                0x20000024                        __bss_end__ = _ebss

._user_heap_stack
                0x20000024      0x604 load address 0x080003f4
                0x20000028                        . = ALIGN (0x8)
 *fill*         0x20000024        0x4 
                [!provide]                        PROVIDE (end = .)
                0x20000028                        PROVIDE (_end = .)
                0x20000228                        . = (. + _Min_Heap_Size)
 *fill*         0x20000028      0x200 
                0x20000628                        . = (. + _Min_Stack_Size)
 *fill*         0x20000228      0x400 
                0x20000628                        . = ALIGN (0x8)

/DISCARD/
 libc.a(*)
 libm.a(*)
 libgcc.a(*)

.ARM.attributes
                0x00000000       0x30
 *(.ARM.attributes)
 .ARM.attributes
                0x00000000       0x22 /Applications/STM32CubeIDE.app/Contents/Eclipse/plugins/com.st.stm32cube.ide.mcu.externaltools.gnu-tools-for-stm32.13.3.rel1.macos64_1.0.100.202509120712/tools/bin/../lib/gcc/arm-none-eabi/13.3.1/thumb/v7e-m+fp/hard/crti.o
 .ARM.attributes
                0x00000022       0x34 /Applications/STM32CubeIDE.app/Contents/Eclipse/plugins/com.st.stm32cube.ide.mcu.externaltools.gnu-tools-for-stm32.13.3.rel1.macos64_1.0.100.202509120712/tools/bin/../lib/gcc/arm-none-eabi/13.3.1/thumb/v7e-m+fp/hard/crtbegin.o
 .ARM.attributes
                0x00000056       0x34 ./Core/Src/main.o
 .ARM.attributes
                0x0000008a       0x34 ./Core/Src/stm32l4xx_it.o
 .ARM.attributes
                0x000000be       0x34 ./Core/Src/system_stm32l4xx.o
 .ARM.attributes
                0x000000f2       0x21 ./Core/Startup/startup_stm32l476rgtx.o
 .ARM.attributes
                0x00000113       0x34 ./Drivers/STM32L4xx_HAL_Driver/Src/stm32l4xx_hal.o
 .ARM.attributes
                0x00000147       0x34 /Applications/STM32CubeIDE.app/Contents/Eclipse/plugins/com.st.stm32cube.ide.mcu.externaltools.gnu-tools-for-stm32.13.3.rel1.macos64_1.0.100.202509120712/tools/bin/../lib/gcc/arm-none-eabi/13.3.1/../../../../arm-none-eabi/lib/thumb/v7e-m+fp/hard/libc_nano.a(libc_a-init.o)
 .ARM.attributes
                0x0000017b       0x22 /Applications/STM32CubeIDE.app/Contents/Eclipse/plugins/com.st.stm32cube.ide.mcu.externaltools.gnu-tools-for-stm32.13.3.rel1.macos64_1.0.100.202509120712/tools/bin/../lib/gcc/arm-none-eabi/13.3.1/thumb/v7e-m+fp/hard/crtn.o
OUTPUT(blink_button.elf elf32-littlearm)
LOAD linker stubs
LOAD /Applications/STM32CubeIDE.app/Contents/Eclipse/plugins/com.st.stm32cube.ide.mcu.externaltools.gnu-tools-for-stm32.13.3.rel1.macos64_1.0.100.202509120712/tools/bin/../lib/gcc/arm-none-eabi/13.3.1/../../../../arm-none-eabi/lib/thumb/v7e-m+fp/hard/libc.a
LOAD /Applications/STM32CubeIDE.app/Contents/Eclipse/plugins/com.st.stm32cube.ide.mcu.externaltools.gnu-tools-for-stm32.13.3.rel1.macos64_1.0.100.202509120712/tools/bin/../lib/gcc/arm-none-eabi/13.3.1/../../../../arm-none-eabi/lib/thumb/v7e-m+fp/hard/libm.a
LOAD /Applications/STM32CubeIDE.app/Contents/Eclipse/plugins/com.st.stm32cube.ide.mcu.externaltools.gnu-tools-for-stm32.13.3.rel1.macos64_1.0.100.202509120712/tools/bin/../lib/gcc/arm-none-eabi/13.3.1/thumb/v7e-m+fp/hard/libgcc.a

.debug_info     0x00000000     0x152c
 .debug_info    0x00000000      0x34b ./Core/Src/main.o
 .debug_info    0x0000034b      0x113 ./Core/Src/stm32l4xx_it.o
 .debug_info    0x0000045e      0x5b3 ./Core/Src/system_stm32l4xx.o
 .debug_info    0x00000a11       0x30 ./Core/Startup/startup_stm32l476rgtx.o
 .debug_info    0x00000a41      0xaeb ./Drivers/STM32L4xx_HAL_Driver/Src/stm32l4xx_hal.o

.debug_abbrev   0x00000000      0x4aa
 .debug_abbrev  0x00000000       0xb7 ./Core/Src/main.o
 .debug_abbrev  0x000000b7       0x73 ./Core/Src/stm32l4xx_it.o
 .debug_abbrev  0x0000012a      0x11a ./Core/Src/system_stm32l4xx.o
 .debug_abbrev  0x00000244       0x24 ./Core/Startup/startup_stm32l476rgtx.o
 .debug_abbrev  0x00000268      0x242 ./Drivers/STM32L4xx_HAL_Driver/Src/stm32l4xx_hal.o

.debug_aranges  0x00000000      0x200
 .debug_aranges
                0x00000000       0x20 ./Core/Src/main.o
 .debug_aranges
                0x00000020       0x60 ./Core/Src/stm32l4xx_it.o
 .debug_aranges
                0x00000080       0x28 ./Core/Src/system_stm32l4xx.o
 .debug_aranges
                0x000000a8       0x28 ./Core/Startup/startup_stm32l476rgtx.o
 .debug_aranges
                0x000000d0      0x130 ./Drivers/STM32L4xx_HAL_Driver/Src/stm32l4xx_hal.o

.debug_rnglists
                0x00000000      0x169
 .debug_rnglists
                0x00000000       0x14 ./Core/Src/main.o
 .debug_rnglists
                0x00000014       0x43 ./Core/Src/stm32l4xx_it.o
 .debug_rnglists
                0x00000057       0x1a ./Core/Src/system_stm32l4xx.o
 .debug_rnglists
                0x00000071       0x19 ./Core/Startup/startup_stm32l476rgtx.o
 .debug_rnglists
                0x0000008a       0xdf ./Drivers/STM32L4xx_HAL_Driver/Src/stm32l4xx_hal.o

.debug_macro    0x00000000    0x23b26
 .debug_macro   0x00000000      0x1bb ./Core/Src/main.o
 .debug_macro   0x000001bb      0xad8 ./Core/Src/main.o
 .debug_macro   0x00000c93      0x1a1 ./Core/Src/main.o
 .debug_macro   0x00000e34       0x2e ./Core/Src/main.o
 .debug_macro   0x00000e62       0x28 ./Core/Src/main.o
 .debug_macro   0x00000e8a       0x22 ./Core/Src/main.o
 .debug_macro   0x00000eac       0x8e ./Core/Src/main.o
 .debug_macro   0x00000f3a       0x51 ./Core/Src/main.o
 .debug_macro   0x00000f8b      0x103 ./Core/Src/main.o
 .debug_macro   0x0000108e       0x6a ./Core/Src/main.o
 .debug_macro   0x000010f8      0x1df ./Core/Src/main.o
 .debug_macro   0x000012d7       0x1c ./Core/Src/main.o
 .debug_macro   0x000012f3       0x22 ./Core/Src/main.o
 .debug_macro   0x00001315       0xfb ./Core/Src/main.o
 .debug_macro   0x00001410     0x1011 ./Core/Src/main.o
 .debug_macro   0x00002421      0x11f ./Core/Src/main.o
 .debug_macro   0x00002540    0x1a13d ./Core/Src/main.o
 .debug_macro   0x0001c67d       0x43 ./Core/Src/main.o
 .debug_macro   0x0001c6c0     0x3897 ./Core/Src/main.o
 .debug_macro   0x0001ff57      0x190 ./Core/Src/main.o
 .debug_macro   0x000200e7       0x5c ./Core/Src/main.o
 .debug_macro   0x00020143     0x155f ./Core/Src/main.o
 .debug_macro   0x000216a2      0x59e ./Core/Src/main.o
 .debug_macro   0x00021c40      0x13d ./Core/Src/main.o
 .debug_macro   0x00021d7d      0x18b ./Core/Src/main.o
 .debug_macro   0x00021f08      0x26b ./Core/Src/main.o
 .debug_macro   0x00022173      0x23d ./Core/Src/main.o
 .debug_macro   0x000223b0      0x241 ./Core/Src/main.o
 .debug_macro   0x000225f1      0x37c ./Core/Src/main.o
 .debug_macro   0x0002296d       0xd6 ./Core/Src/main.o
 .debug_macro   0x00022a43      0x22c ./Core/Src/main.o
 .debug_macro   0x00022c6f       0x61 ./Core/Src/main.o
 .debug_macro   0x00022cd0       0xa5 ./Core/Src/main.o
 .debug_macro   0x00022d75      0x122 ./Core/Src/main.o
 .debug_macro   0x00022e97      0x3e9 ./Core/Src/main.o
 .debug_macro   0x00023280      0x331 ./Core/Src/main.o
 .debug_macro   0x000235b1      0x1c5 ./Core/Src/stm32l4xx_it.o
 .debug_macro   0x00023776      0x1b1 ./Core/Src/system_stm32l4xx.o
 .debug_macro   0x00023927      0x1ff ./Drivers/STM32L4xx_HAL_Driver/Src/stm32l4xx_hal.o

.debug_line     0x00000000     0x20d4
 .debug_line    0x00000000      0x6d1 ./Core/Src/main.o
 .debug_line    0x000006d1      0x760 ./Core/Src/stm32l4xx_it.o
 .debug_line    0x00000e31      0x773 ./Core/Src/system_stm32l4xx.o
 .debug_line    0x000015a4       0x79 ./Core/Startup/startup_stm32l476rgtx.o
 .debug_line    0x0000161d      0xab7 ./Drivers/STM32L4xx_HAL_Driver/Src/stm32l4xx_hal.o

.debug_str      0x00000000    0xde705
 .debug_str     0x00000000    0xde705 ./Core/Src/main.o
                              0xddc89 (size before relaxing)
 .debug_str     0x000de705        0x0 ./Core/Src/stm32l4xx_it.o
                              0xddb92 (size before relaxing)
 .debug_str     0x000de705        0x0 ./Core/Src/system_stm32l4xx.o
                              0xddd20 (size before relaxing)
 .debug_str     0x000de705        0x0 ./Core/Startup/startup_stm32l476rgtx.o
                                 0x6e (size before relaxing)
 .debug_str     0x000de705        0x0 ./Drivers/STM32L4xx_HAL_Driver/Src/stm32l4xx_hal.o
                              0xde8b3 (size before relaxing)

.comment        0x00000000       0x43
 .comment       0x00000000       0x43 ./Core/Src/main.o
                                 0x44 (size before relaxing)
 .comment       0x00000043        0x0 ./Core/Src/stm32l4xx_it.o
                                 0x44 (size before relaxing)
 .comment       0x00000043        0x0 ./Core/Src/system_stm32l4xx.o
                                 0x44 (size before relaxing)
 .comment       0x00000043        0x0 ./Drivers/STM32L4xx_HAL_Driver/Src/stm32l4xx_hal.o
                                 0x44 (size before relaxing)

.debug_frame    0x00000000      0x648
 .debug_frame   0x00000000       0x28 ./Core/Src/main.o
 .debug_frame   0x00000028      0x104 ./Core/Src/stm32l4xx_it.o
 .debug_frame   0x0000012c       0x58 ./Core/Src/system_stm32l4xx.o
 .debug_frame   0x00000184      0x498 ./Drivers/STM32L4xx_HAL_Driver/Src/stm32l4xx_hal.o
 .debug_frame   0x0000061c       0x2c /Applications/STM32CubeIDE.app/Contents/Eclipse/plugins/com.st.stm32cube.ide.mcu.externaltools.gnu-tools-for-stm32.13.3.rel1.macos64_1.0.100.202509120712/tools/bin/../lib/gcc/arm-none-eabi/13.3.1/../../../../arm-none-eabi/lib/thumb/v7e-m+fp/hard/libc_nano.a(libc_a-init.o)

.debug_line_str
                0x00000000       0x52
 .debug_line_str
                0x00000000       0x52 ./Core/Startup/startup_stm32l476rgtx.o
